// Jest Snapshot v1, https://goo.gl/fbAQLP

exports[`<BigButton /> To match snapshot 1`] = `
<DocumentFragment>
  <button
    class="sc-AxjAm ckPEsE"
  />
</DocumentFragment>
`;
